# Logfile created on 2018-03-01 23:30:52 +1100 by logger.rb/56815
